mode: atomic
github.com/aptlogica/sereni-email-smtp/internal/email/generate_otp.go:18.27,21.16 3 112
github.com/aptlogica/sereni-email-smtp/internal/email/generate_otp.go:21.16,24.3 1 0
github.com/aptlogica/sereni-email-smtp/internal/email/generate_otp.go:25.2,25.67 1 112
github.com/aptlogica/sereni-email-smtp/internal/email/generate_otp.go:29.38,32.2 2 57
github.com/aptlogica/sereni-email-smtp/internal/email/generate_otp.go:35.45,36.27 1 13
github.com/aptlogica/sereni-email-smtp/internal/email/generate_otp.go:36.27,37.23 1 16
github.com/aptlogica/sereni-email-smtp/internal/email/generate_otp.go:37.23,39.4 1 3
github.com/aptlogica/sereni-email-smtp/internal/email/generate_otp.go:41.2,41.13 1 10
github.com/aptlogica/sereni-email-smtp/internal/email/generate_otp.go:45.41,47.2 1 111
github.com/aptlogica/sereni-email-smtp/internal/email/service.go:42.128,54.55 2 35
github.com/aptlogica/sereni-email-smtp/internal/email/service.go:54.55,56.3 1 0
github.com/aptlogica/sereni-email-smtp/internal/email/service.go:59.2,61.16 2 35
github.com/aptlogica/sereni-email-smtp/internal/email/service.go:64.89,66.29 1 39
github.com/aptlogica/sereni-email-smtp/internal/email/service.go:66.29,68.3 1 29
github.com/aptlogica/sereni-email-smtp/internal/email/service.go:69.2,85.12 8 10
github.com/aptlogica/sereni-email-smtp/internal/email/service.go:85.12,93.3 1 1
github.com/aptlogica/sereni-email-smtp/internal/email/service.go:93.8,101.3 1 9
github.com/aptlogica/sereni-email-smtp/internal/email/service.go:105.2,106.16 2 10
github.com/aptlogica/sereni-email-smtp/internal/email/service.go:106.16,108.3 1 1
github.com/aptlogica/sereni-email-smtp/internal/email/service.go:109.2,112.75 2 9
github.com/aptlogica/sereni-email-smtp/internal/email/service.go:112.75,114.3 1 1
github.com/aptlogica/sereni-email-smtp/internal/email/service.go:117.2,117.39 1 8
github.com/aptlogica/sereni-email-smtp/internal/email/service.go:117.39,119.3 1 1
github.com/aptlogica/sereni-email-smtp/internal/email/service.go:122.2,122.47 1 7
github.com/aptlogica/sereni-email-smtp/internal/email/service.go:122.47,124.3 1 1
github.com/aptlogica/sereni-email-smtp/internal/email/service.go:126.2,126.26 1 6
github.com/aptlogica/sereni-email-smtp/internal/email/service.go:126.26,127.40 1 6
github.com/aptlogica/sereni-email-smtp/internal/email/service.go:127.40,129.4 1 1
github.com/aptlogica/sereni-email-smtp/internal/email/service.go:132.2,133.16 2 5
github.com/aptlogica/sereni-email-smtp/internal/email/service.go:133.16,135.3 1 1
github.com/aptlogica/sereni-email-smtp/internal/email/service.go:137.2,138.16 2 4
github.com/aptlogica/sereni-email-smtp/internal/email/service.go:138.16,140.3 1 1
github.com/aptlogica/sereni-email-smtp/internal/email/service.go:142.2,143.16 2 3
github.com/aptlogica/sereni-email-smtp/internal/email/service.go:143.16,145.3 1 1
github.com/aptlogica/sereni-email-smtp/internal/email/service.go:147.2,147.20 1 2
github.com/aptlogica/sereni-email-smtp/internal/email/service.go:161.113,162.33 1 9
github.com/aptlogica/sereni-email-smtp/internal/email/service.go:162.33,164.3 1 6
github.com/aptlogica/sereni-email-smtp/internal/email/service.go:165.2,170.20 5 3
github.com/aptlogica/sereni-email-smtp/internal/email/service.go:170.20,172.3 1 0
github.com/aptlogica/sereni-email-smtp/internal/email/service.go:173.2,175.39 2 3
github.com/aptlogica/sereni-email-smtp/internal/email/service.go:175.39,176.31 1 7
github.com/aptlogica/sereni-email-smtp/internal/email/service.go:176.31,180.12 4 2
github.com/aptlogica/sereni-email-smtp/internal/email/service.go:182.3,183.25 2 5
github.com/aptlogica/sereni-email-smtp/internal/email/service.go:183.25,186.17 3 5
github.com/aptlogica/sereni-email-smtp/internal/email/service.go:186.17,186.32 1 5
github.com/aptlogica/sereni-email-smtp/internal/email/service.go:188.4,189.18 2 5
github.com/aptlogica/sereni-email-smtp/internal/email/service.go:189.18,193.5 3 1
github.com/aptlogica/sereni-email-smtp/internal/email/service.go:197.2,198.26 2 3
github.com/aptlogica/sereni-email-smtp/internal/email/service.go:201.90,202.23 1 12
github.com/aptlogica/sereni-email-smtp/internal/email/service.go:202.23,204.3 1 1
github.com/aptlogica/sereni-email-smtp/internal/email/service.go:206.2,229.16 9 11
github.com/aptlogica/sereni-email-smtp/internal/email/service.go:229.16,231.3 1 2
github.com/aptlogica/sereni-email-smtp/internal/email/service.go:233.2,233.17 1 9
github.com/aptlogica/sereni-email-smtp/internal/email/service.go:236.59,242.47 5 8
github.com/aptlogica/sereni-email-smtp/internal/email/service.go:242.47,244.3 1 5
github.com/aptlogica/sereni-email-smtp/internal/email/service.go:245.2,246.13 2 3
github.com/aptlogica/sereni-email-smtp/internal/email/service.go:249.77,250.35 1 9
github.com/aptlogica/sereni-email-smtp/internal/email/service.go:250.35,252.3 1 2
github.com/aptlogica/sereni-email-smtp/internal/email/service.go:254.2,257.28 3 7
github.com/aptlogica/sereni-email-smtp/internal/email/service.go:257.28,259.17 2 0
github.com/aptlogica/sereni-email-smtp/internal/email/service.go:259.17,261.4 1 0
github.com/aptlogica/sereni-email-smtp/internal/email/service.go:262.3,263.22 2 0
github.com/aptlogica/sereni-email-smtp/internal/email/service.go:266.2,266.64 1 7
github.com/aptlogica/sereni-email-smtp/internal/email/service.go:269.46,273.21 3 35
github.com/aptlogica/sereni-email-smtp/internal/email/service.go:273.21,275.39 2 0
github.com/aptlogica/sereni-email-smtp/internal/email/service.go:275.39,276.38 1 0
github.com/aptlogica/sereni-email-smtp/internal/email/service.go:276.38,278.5 1 0
github.com/aptlogica/sereni-email-smtp/internal/email/service.go:280.3,280.20 1 0
github.com/aptlogica/sereni-email-smtp/internal/email/service.go:284.49,286.2 1 14
github.com/aptlogica/sereni-email-smtp/internal/email/templates.go:119.114,123.13 4 20
github.com/aptlogica/sereni-email-smtp/internal/email/templates.go:123.13,125.3 1 4
github.com/aptlogica/sereni-email-smtp/internal/email/templates.go:128.2,129.9 2 16
github.com/aptlogica/sereni-email-smtp/internal/email/templates.go:129.9,132.17 3 1
github.com/aptlogica/sereni-email-smtp/internal/email/templates.go:132.17,134.4 1 0
github.com/aptlogica/sereni-email-smtp/internal/email/templates.go:136.2,137.57 2 16
github.com/aptlogica/sereni-email-smtp/internal/email/templates.go:137.57,139.3 1 0
github.com/aptlogica/sereni-email-smtp/internal/email/templates.go:142.2,143.9 2 16
github.com/aptlogica/sereni-email-smtp/internal/email/templates.go:143.9,146.17 3 1
github.com/aptlogica/sereni-email-smtp/internal/email/templates.go:146.17,148.4 1 0
github.com/aptlogica/sereni-email-smtp/internal/email/templates.go:150.2,151.57 2 16
github.com/aptlogica/sereni-email-smtp/internal/email/templates.go:151.57,153.3 1 0
github.com/aptlogica/sereni-email-smtp/internal/email/templates.go:155.2,155.48 1 16
github.com/aptlogica/sereni-email-smtp/internal/email/templates.go:159.74,163.2 3 4
github.com/aptlogica/sereni-email-smtp/internal/email/templates.go:166.72,169.2 2 4
github.com/aptlogica/sereni-email-smtp/internal/email/templates.go:172.120,174.16 2 16
github.com/aptlogica/sereni-email-smtp/internal/email/templates.go:174.16,176.3 1 2
github.com/aptlogica/sereni-email-smtp/internal/email/templates.go:178.2,178.50 1 14
github.com/aptlogica/sereni-email-smtp/internal/email/templates.go:182.58,185.40 3 4
github.com/aptlogica/sereni-email-smtp/internal/email/templates.go:185.40,187.3 1 29
github.com/aptlogica/sereni-email-smtp/internal/email/templates.go:188.2,189.18 2 4
